2025-01-06 17:43:25.626  INFO 2440 --- [main] com.kaiasia.app.AppApplication           : Starting AppApplication using Java 1.8.0_191 on LAPTOP-N2P78VQC with PID 2440 (D:\TTKai\Project\EBank\DemoApi\target\classes started by FPT SHOP in D:\TTKai\Project\EBank\DemoApi)
2025-01-06 17:43:25.631  INFO 2440 --- [main] com.kaiasia.app.AppApplication           : No active profile set, falling back to 1 default profile: "default"
2025-01-06 17:43:27.268  INFO 2440 --- [main] .s.d.r.c.RepositoryConfigurationDelegate : Bootstrapping Spring Data JPA repositories in DEFAULT mode.
2025-01-06 17:43:27.307  INFO 2440 --- [main] .s.d.r.c.RepositoryConfigurationDelegate : Finished Spring Data repository scanning in 19 ms. Found 0 JPA repository interfaces.
2025-01-06 17:43:27.582  INFO 2440 --- [main] trationDelegate$BeanPostProcessorChecker : Bean 'postgreDatabaseConfiguration' of type [com.kaiasia.app.core.dao.PostgreDatabaseConfiguration$$EnhancerBySpringCGLIB$$38258866] is not eligible for getting processed by all BeanPostProcessors (for example: not eligible for auto-proxying)
2025-01-06 17:43:28.105  INFO 2440 --- [main] o.s.b.w.embedded.tomcat.TomcatWebServer  : Tomcat initialized with port(s): 8077 (http)
2025-01-06 17:43:28.118  INFO 2440 --- [main] o.apache.catalina.core.StandardService   : Starting service [Tomcat]
2025-01-06 17:43:28.119  INFO 2440 --- [main] org.apache.catalina.core.StandardEngine  : Starting Servlet engine: [Apache Tomcat/9.0.65]
2025-01-06 17:43:28.381  INFO 2440 --- [main] o.a.c.c.C.[.[localhost].[/CUSTINFO_API]  : Initializing Spring embedded WebApplicationContext
2025-01-06 17:43:28.382  INFO 2440 --- [main] w.s.c.ServletWebServerApplicationContext : Root WebApplicationContext: initialization completed in 2650 ms
2025-01-06 17:43:28.519  INFO 2440 --- [main] o.hibernate.jpa.internal.util.LogHelper  : HHH000204: Processing PersistenceUnitInfo [name: default]
2025-01-06 17:43:28.622  INFO 2440 --- [main] org.hibernate.Version                    : HHH000412: Hibernate ORM core version 5.6.10.Final
2025-01-06 17:43:28.892  INFO 2440 --- [main] o.hibernate.annotations.common.Version   : HCANN000001: Hibernate Commons Annotations {5.1.2.Final}
2025-01-06 17:43:29.090  INFO 2440 --- [main] com.zaxxer.hikari.HikariDataSource       : HikariPool-1 - Starting...
2025-01-06 17:43:30.052  INFO 2440 --- [main] com.zaxxer.hikari.HikariDataSource       : HikariPool-1 - Start completed.
2025-01-06 17:43:30.067  INFO 2440 --- [main] org.hibernate.dialect.Dialect            : HHH000400: Using dialect: org.hibernate.dialect.PostgreSQLDialect
2025-01-06 17:43:30.468  INFO 2440 --- [main] o.h.e.t.j.p.i.JtaPlatformInitiator       : HHH000490: Using JtaPlatform implementation: [org.hibernate.engine.transaction.jta.platform.internal.NoJtaPlatform]
2025-01-06 17:43:30.478  INFO 2440 --- [main] j.LocalContainerEntityManagerFactoryBean : Initialized JPA EntityManagerFactory for persistence unit 'default'
2025-01-06 17:43:30.485  INFO 2440 --- [main] o.hibernate.jpa.internal.util.LogHelper  : HHH000204: Processing PersistenceUnitInfo [name: default]
2025-01-06 17:43:30.505  INFO 2440 --- [main] org.hibernate.dialect.Dialect            : HHH000400: Using dialect: org.hibernate.dialect.PostgreSQLDialect
2025-01-06 17:43:30.658  INFO 2440 --- [main] o.h.e.t.j.p.i.JtaPlatformInitiator       : HHH000490: Using JtaPlatform implementation: [org.hibernate.engine.transaction.jta.platform.internal.NoJtaPlatform]
2025-01-06 17:43:30.658  INFO 2440 --- [main] j.LocalContainerEntityManagerFactoryBean : Initialized JPA EntityManagerFactory for persistence unit 'default'
2025-01-06 17:43:30.791  INFO 2440 --- [main] org.reflections.Reflections              : Reflections took 104 ms to scan 1 urls, producing 28 keys and 49 values
2025-01-06 17:43:31.078  INFO 2440 --- [main] org.hibernate.dialect.Dialect            : HHH000400: Using dialect: org.hibernate.dialect.PostgreSQLDialect
2025-01-06 17:43:31.227  INFO 2440 --- [main] o.h.e.t.j.p.i.JtaPlatformInitiator       : HHH000490: Using JtaPlatform implementation: [org.hibernate.engine.transaction.jta.platform.internal.NoJtaPlatform]
2025-01-06 17:43:31.697  INFO 2440 --- [main] o.s.b.w.embedded.tomcat.TomcatWebServer  : Tomcat started on port(s): 8077 (http) with context path '/CUSTINFO_API'
2025-01-06 17:43:31.710  INFO 2440 --- [main] com.kaiasia.app.AppApplication           : Started AppApplication in 7.021 seconds (JVM running for 8.982)
2025-01-06 17:43:34.446  INFO 2440 --- [SpringApplicationShutdownHook] j.LocalContainerEntityManagerFactoryBean : Closing JPA EntityManagerFactory for persistence unit 'default'
2025-01-06 17:43:34.447  INFO 2440 --- [SpringApplicationShutdownHook] com.zaxxer.hikari.HikariDataSource       : HikariPool-1 - Shutdown initiated...
2025-01-06 17:43:34.459  INFO 2440 --- [SpringApplicationShutdownHook] com.zaxxer.hikari.HikariDataSource       : HikariPool-1 - Shutdown completed.
2025-01-06 18:54:23.030  INFO 18708 --- [main] com.kaiasia.app.AppApplication           : Starting AppApplication using Java 1.8.0_191 on LAPTOP-N2P78VQC with PID 18708 (D:\TTKai\Project\EBank\DemoApi\target\classes started by FPT SHOP in D:\TTKai\Project\EBank\DemoApi)
2025-01-06 18:54:23.036  INFO 18708 --- [main] com.kaiasia.app.AppApplication           : No active profile set, falling back to 1 default profile: "default"
2025-01-06 18:54:24.245  INFO 18708 --- [main] .s.d.r.c.RepositoryConfigurationDelegate : Bootstrapping Spring Data JPA repositories in DEFAULT mode.
2025-01-06 18:54:24.271  INFO 18708 --- [main] .s.d.r.c.RepositoryConfigurationDelegate : Finished Spring Data repository scanning in 12 ms. Found 0 JPA repository interfaces.
2025-01-06 18:54:24.495  INFO 18708 --- [main] trationDelegate$BeanPostProcessorChecker : Bean 'postgreDatabaseConfiguration' of type [com.kaiasia.app.core.dao.PostgreDatabaseConfiguration$$EnhancerBySpringCGLIB$$5086e77d] is not eligible for getting processed by all BeanPostProcessors (for example: not eligible for auto-proxying)
2025-01-06 18:54:24.887  INFO 18708 --- [main] o.s.b.w.embedded.tomcat.TomcatWebServer  : Tomcat initialized with port(s): 8077 (http)
2025-01-06 18:54:24.899  INFO 18708 --- [main] o.apache.catalina.core.StandardService   : Starting service [Tomcat]
2025-01-06 18:54:24.899  INFO 18708 --- [main] org.apache.catalina.core.StandardEngine  : Starting Servlet engine: [Apache Tomcat/9.0.65]
2025-01-06 18:54:25.133  INFO 18708 --- [main] o.a.c.c.C.[.[localhost].[/CUSTINFO_API]  : Initializing Spring embedded WebApplicationContext
2025-01-06 18:54:25.134  INFO 18708 --- [main] w.s.c.ServletWebServerApplicationContext : Root WebApplicationContext: initialization completed in 2018 ms
2025-01-06 18:54:25.251  INFO 18708 --- [main] o.hibernate.jpa.internal.util.LogHelper  : HHH000204: Processing PersistenceUnitInfo [name: default]
2025-01-06 18:54:25.318  INFO 18708 --- [main] org.hibernate.Version                    : HHH000412: Hibernate ORM core version 5.6.10.Final
2025-01-06 18:54:25.532  INFO 18708 --- [main] o.hibernate.annotations.common.Version   : HCANN000001: Hibernate Commons Annotations {5.1.2.Final}
2025-01-06 18:54:25.707  INFO 18708 --- [main] com.zaxxer.hikari.HikariDataSource       : HikariPool-1 - Starting...
2025-01-06 18:54:26.600  INFO 18708 --- [main] com.zaxxer.hikari.HikariDataSource       : HikariPool-1 - Start completed.
2025-01-06 18:54:26.616  INFO 18708 --- [main] org.hibernate.dialect.Dialect            : HHH000400: Using dialect: org.hibernate.dialect.PostgreSQLDialect
2025-01-06 18:54:26.988  INFO 18708 --- [main] o.h.e.t.j.p.i.JtaPlatformInitiator       : HHH000490: Using JtaPlatform implementation: [org.hibernate.engine.transaction.jta.platform.internal.NoJtaPlatform]
2025-01-06 18:54:26.996  INFO 18708 --- [main] j.LocalContainerEntityManagerFactoryBean : Initialized JPA EntityManagerFactory for persistence unit 'default'
2025-01-06 18:54:27.002  INFO 18708 --- [main] o.hibernate.jpa.internal.util.LogHelper  : HHH000204: Processing PersistenceUnitInfo [name: default]
2025-01-06 18:54:27.017  INFO 18708 --- [main] org.hibernate.dialect.Dialect            : HHH000400: Using dialect: org.hibernate.dialect.PostgreSQLDialect
2025-01-06 18:54:27.165  INFO 18708 --- [main] o.h.e.t.j.p.i.JtaPlatformInitiator       : HHH000490: Using JtaPlatform implementation: [org.hibernate.engine.transaction.jta.platform.internal.NoJtaPlatform]
2025-01-06 18:54:27.165  INFO 18708 --- [main] j.LocalContainerEntityManagerFactoryBean : Initialized JPA EntityManagerFactory for persistence unit 'default'
2025-01-06 18:54:27.243  INFO 18708 --- [main] org.reflections.Reflections              : Reflections took 56 ms to scan 1 urls, producing 28 keys and 49 values
2025-01-06 18:54:27.437  INFO 18708 --- [main] org.hibernate.dialect.Dialect            : HHH000400: Using dialect: org.hibernate.dialect.PostgreSQLDialect
2025-01-06 18:54:27.582  INFO 18708 --- [main] o.h.e.t.j.p.i.JtaPlatformInitiator       : HHH000490: Using JtaPlatform implementation: [org.hibernate.engine.transaction.jta.platform.internal.NoJtaPlatform]
2025-01-06 18:54:27.905  INFO 18708 --- [main] o.s.b.w.embedded.tomcat.TomcatWebServer  : Tomcat started on port(s): 8077 (http) with context path '/CUSTINFO_API'
2025-01-06 18:54:27.916  INFO 18708 --- [main] com.kaiasia.app.AppApplication           : Started AppApplication in 5.685 seconds (JVM running for 7.361)
2025-01-06 18:54:41.376  INFO 18708 --- [SpringApplicationShutdownHook] j.LocalContainerEntityManagerFactoryBean : Closing JPA EntityManagerFactory for persistence unit 'default'
2025-01-06 18:54:41.377  INFO 18708 --- [SpringApplicationShutdownHook] com.zaxxer.hikari.HikariDataSource       : HikariPool-1 - Shutdown initiated...
2025-01-06 18:54:41.384  INFO 18708 --- [SpringApplicationShutdownHook] com.zaxxer.hikari.HikariDataSource       : HikariPool-1 - Shutdown completed.
2025-01-06 18:55:44.661  INFO 16016 --- [main] com.kaiasia.app.AppApplication           : Starting AppApplication using Java 1.8.0_191 on LAPTOP-N2P78VQC with PID 16016 (D:\TTKai\Project\EBank\DemoApi\target\classes started by FPT SHOP in D:\TTKai\Project\EBank\DemoApi)
2025-01-06 18:55:44.666  INFO 16016 --- [main] com.kaiasia.app.AppApplication           : No active profile set, falling back to 1 default profile: "default"
2025-01-06 18:55:45.947  INFO 16016 --- [main] .s.d.r.c.RepositoryConfigurationDelegate : Bootstrapping Spring Data JPA repositories in DEFAULT mode.
2025-01-06 18:55:45.969  INFO 16016 --- [main] .s.d.r.c.RepositoryConfigurationDelegate : Finished Spring Data repository scanning in 12 ms. Found 0 JPA repository interfaces.
2025-01-06 18:55:46.206  INFO 16016 --- [main] trationDelegate$BeanPostProcessorChecker : Bean 'postgreDatabaseConfiguration' of type [com.kaiasia.app.core.dao.PostgreDatabaseConfiguration$$EnhancerBySpringCGLIB$$5086e77d] is not eligible for getting processed by all BeanPostProcessors (for example: not eligible for auto-proxying)
2025-01-06 18:55:46.617  INFO 16016 --- [main] o.s.b.w.embedded.tomcat.TomcatWebServer  : Tomcat initialized with port(s): 8077 (http)
2025-01-06 18:55:46.630  INFO 16016 --- [main] o.apache.catalina.core.StandardService   : Starting service [Tomcat]
2025-01-06 18:55:46.630  INFO 16016 --- [main] org.apache.catalina.core.StandardEngine  : Starting Servlet engine: [Apache Tomcat/9.0.65]
2025-01-06 18:55:46.824  INFO 16016 --- [main] o.a.c.c.C.[.[localhost].[/CUSTINFO_API]  : Initializing Spring embedded WebApplicationContext
2025-01-06 18:55:46.825  INFO 16016 --- [main] w.s.c.ServletWebServerApplicationContext : Root WebApplicationContext: initialization completed in 2089 ms
2025-01-06 18:55:46.946  INFO 16016 --- [main] o.hibernate.jpa.internal.util.LogHelper  : HHH000204: Processing PersistenceUnitInfo [name: default]
2025-01-06 18:55:47.000  INFO 16016 --- [main] org.hibernate.Version                    : HHH000412: Hibernate ORM core version 5.6.10.Final
2025-01-06 18:55:47.152  INFO 16016 --- [main] o.hibernate.annotations.common.Version   : HCANN000001: Hibernate Commons Annotations {5.1.2.Final}
2025-01-06 18:55:47.291  INFO 16016 --- [main] com.zaxxer.hikari.HikariDataSource       : HikariPool-1 - Starting...
2025-01-06 18:55:48.177  INFO 16016 --- [main] com.zaxxer.hikari.HikariDataSource       : HikariPool-1 - Start completed.
2025-01-06 18:55:48.190  INFO 16016 --- [main] org.hibernate.dialect.Dialect            : HHH000400: Using dialect: org.hibernate.dialect.PostgreSQLDialect
2025-01-06 18:55:48.506  INFO 16016 --- [main] o.h.e.t.j.p.i.JtaPlatformInitiator       : HHH000490: Using JtaPlatform implementation: [org.hibernate.engine.transaction.jta.platform.internal.NoJtaPlatform]
2025-01-06 18:55:48.514  INFO 16016 --- [main] j.LocalContainerEntityManagerFactoryBean : Initialized JPA EntityManagerFactory for persistence unit 'default'
2025-01-06 18:55:48.520  INFO 16016 --- [main] o.hibernate.jpa.internal.util.LogHelper  : HHH000204: Processing PersistenceUnitInfo [name: default]
2025-01-06 18:55:48.537  INFO 16016 --- [main] org.hibernate.dialect.Dialect            : HHH000400: Using dialect: org.hibernate.dialect.PostgreSQLDialect
2025-01-06 18:55:48.690  INFO 16016 --- [main] o.h.e.t.j.p.i.JtaPlatformInitiator       : HHH000490: Using JtaPlatform implementation: [org.hibernate.engine.transaction.jta.platform.internal.NoJtaPlatform]
2025-01-06 18:55:48.690  INFO 16016 --- [main] j.LocalContainerEntityManagerFactoryBean : Initialized JPA EntityManagerFactory for persistence unit 'default'
2025-01-06 18:55:48.772  INFO 16016 --- [main] org.reflections.Reflections              : Reflections took 59 ms to scan 1 urls, producing 28 keys and 49 values
2025-01-06 18:55:48.968  INFO 16016 --- [main] org.hibernate.dialect.Dialect            : HHH000400: Using dialect: org.hibernate.dialect.PostgreSQLDialect
2025-01-06 18:55:49.123  INFO 16016 --- [main] o.h.e.t.j.p.i.JtaPlatformInitiator       : HHH000490: Using JtaPlatform implementation: [org.hibernate.engine.transaction.jta.platform.internal.NoJtaPlatform]
2025-01-06 18:55:49.468  INFO 16016 --- [main] o.s.b.w.embedded.tomcat.TomcatWebServer  : Tomcat started on port(s): 8077 (http) with context path '/CUSTINFO_API'
2025-01-06 18:55:49.480  INFO 16016 --- [main] com.kaiasia.app.AppApplication           : Started AppApplication in 5.389 seconds (JVM running for 6.198)
2025-01-06 18:55:52.989  INFO 16016 --- [http-nio-8077-exec-1] o.a.c.c.C.[.[localhost].[/CUSTINFO_API]  : Initializing Spring DispatcherServlet 'dispatcherServlet'
2025-01-06 18:55:52.989  INFO 16016 --- [http-nio-8077-exec-1] o.s.web.servlet.DispatcherServlet        : Initializing Servlet 'dispatcherServlet'
2025-01-06 18:55:52.990  INFO 16016 --- [http-nio-8077-exec-1] o.s.web.servlet.DispatcherServlet        : Completed initialization in 1 ms
2025-01-06 18:55:53.158  INFO 16016 --- [http-nio-8077-exec-1] com.kaiasia.app.core.MainRestController  : MsgFromClient_Receive:ApiRequest(header=ApiHeader(reqType=REQUEST, api=CUSTINFO_API, apiKey=custinfoq51klfoni1ezxl5f2ckpfx671, channel=API, location=PC/IOS, requestAPI=FE API, requestNode=node 01, duration=null, priority=1, context=null, synasyn=false), body={command=GET_ENQUIRY, enquiry={authenType=getUSER_PROFILE, sessionId=158963500-20170110135803-1484031483542, userID=158963500}, status=OK}, _reqId=null, _rejectCounter=null, _sendTime=null, _command=null, _authenType=null, _timeOut=null)
2025-01-06 18:55:53.167  INFO 16016 --- [http-nio-8077-exec-1] com.kaiasia.app.core.ValidateImpl        : 000 OK
2025-01-06 18:55:53.167  INFO 16016 --- [http-nio-8077-exec-1] com.kaiasia.app.core.MainRestController  : 1736164553167000_0000_193170f62e9240eaa5f54bcfcaf0524d#[API-BEGIN]
2025-01-06 18:55:53.301  INFO 16016 --- [http-nio-8077-exec-1] com.kaiasia.app.core.dao.APIDaoManager   : InsertAPIReqs()1736164553167000_0000_193170f62e9240eaa5f54bcfcaf0524d#BEGIN
2025-01-06 18:55:53.541  INFO 16016 --- [http-nio-8077-exec-1] com.kaiasia.app.core.dao.APIDaoManager   : InsertAPIReqs()1736164553167000_0000_193170f62e9240eaa5f54bcfcaf0524d#END
2025-01-06 18:55:53.572  INFO 16016 --- [http-nio-8077-exec-1] com.kaiasia.app.core.ProcessService      : 1736164553167000_0000_193170f62e9240eaa5f54bcfcaf0524d##pushApiReqToQueue#Duration:404
2025-01-06 18:55:53.965  INFO 16016 --- [pool-1-thread-1] com.kaiasia.app.core.ProcessThread       : checkTimeInQueue: 0
2025-01-06 18:55:53.967  INFO 16016 --- [pool-1-thread-1] m.apiclient.client.common.ApiCallClient  : java.text.SimpleDateFormat@5069d960-API-158963500#begin call api T24_UTIL_API
2025-01-06 18:55:54.613  INFO 16016 --- [pool-1-thread-1] m.apiclient.client.common.ApiCallClient  : java.text.SimpleDateFormat@5069d960-API-158963500#end call api T24_UTIL_API
2025-01-06 18:55:54.729  INFO 16016 --- [pool-1-thread-1] com.kaiasia.app.core.ProcessThread       : 1736164553167000_0000_193170f62e9240eaa5f54bcfcaf0524d#saveResponse#Duration: 72
2025-01-06 18:55:54.791  INFO 16016 --- [http-nio-8077-exec-1] com.kaiasia.app.core.MainRestController  : 1736164553167000_0000_193170f62e9240eaa5f54bcfcaf0524d##END
2025-01-06 18:55:54.791  INFO 16016 --- [http-nio-8077-exec-1] com.kaiasia.app.core.MainRestController  : 1736164553167000_0000_193170f62e9240eaa5f54bcfcaf0524d#MsgFromClient_Response:ApiResponse(header=ApiHeader(reqType=RESPONSE, api=CUSTINFO_API, apiKey=custinfoq51klfoni1ezxl5f2ckpfx671, channel=API, location=PC/IOS, requestAPI=FE API, requestNode=node 01, duration=1456, priority=1, context=null, synasyn=false), body={command=GET_ENQUIRY, enquiry={packAge=SUPPER, userStatus=ACTIVE, endDate=----, mainAccount=000002211234, trustedType=SMS, userLock=NO, responseCode=00, customerType=IND, nationality=VN, phone=0123456789, customerID=281692, name=Vu Van Phai, pwDate=null, company=VN100001, lang=VN, email=phai.vu@gmail.com, startDate=----}, status=OK}, error=null)#Total time: 1633
2025-01-06 18:57:54.947  INFO 16016 --- [http-nio-8077-exec-8] com.kaiasia.app.core.MainRestController  : MsgFromClient_Receive:ApiRequest(header=ApiHeader(reqType=REQUEST, api=EBANK _API, apiKey=custinfoq51klfoni1ezxl5f2ckpfx671, channel=API, location=PC/IOS, requestAPI=FE API, requestNode=node 01, duration=null, priority=1, context=null, synasyn=false), body={command=GET_ENQUIRY, enquiry={authenType=getUSER_PROFILE, sessionId=158963500-20170110135803-1484031483542, userID=158963500}, status=OK}, _reqId=null, _rejectCounter=null, _sendTime=null, _command=null, _authenType=null, _timeOut=null)
2025-01-06 18:59:35.405  INFO 16016 --- [http-nio-8077-exec-5] com.kaiasia.app.core.MainRestController  : MsgFromClient_Receive:ApiRequest(header=ApiHeader(reqType=REQUEST, api=EBANK _API, apiKey=custinfoq51klfoni1ezxl5f2ckpfx671, channel=API, location=PC/IOS, requestAPI=FE API, requestNode=node 01, duration=null, priority=1, context=null, synasyn=false), body={command=GET_ENQUIRY, enquiry={authenType=getUSER_PROFILE, sessionId=158963500-20170110135803-1484031483542, userID=158963500}, status=OK}, _reqId=null, _rejectCounter=null, _sendTime=null, _command=null, _authenType=null, _timeOut=null)
2025-01-06 18:59:36.653  INFO 16016 --- [http-nio-8077-exec-9] com.kaiasia.app.core.MainRestController  : MsgFromClient_Receive:ApiRequest(header=ApiHeader(reqType=REQUEST, api=EBANK _API, apiKey=custinfoq51klfoni1ezxl5f2ckpfx671, channel=API, location=PC/IOS, requestAPI=FE API, requestNode=node 01, duration=null, priority=1, context=null, synasyn=false), body={command=GET_ENQUIRY, enquiry={authenType=getUSER_PROFILE, sessionId=158963500-20170110135803-1484031483542, userID=158963500}, status=OK}, _reqId=null, _rejectCounter=null, _sendTime=null, _command=null, _authenType=null, _timeOut=null)
2025-01-06 19:01:44.725  INFO 16016 --- [http-nio-8077-exec-1] com.kaiasia.app.core.MainRestController  : MsgFromClient_Receive:ApiRequest(header=ApiHeader(reqType=REQUEST, api=T24_UTIL_API, apiKey=custinfoq51klfoni1ezxl5f2ckpfx671, channel=API, location=PC/IOS, requestAPI=FE API, requestNode=node 01, duration=null, priority=1, context=null, synasyn=false), body={command=GET_ENQUIRY, enquiry={authenType=getUSER_PROFILE, sessionId=158963500-20170110135803-1484031483542, userID=158963500}, status=OK}, _reqId=null, _rejectCounter=null, _sendTime=null, _command=null, _authenType=null, _timeOut=null)
2025-01-06 19:01:51.957  INFO 16016 --- [http-nio-8077-exec-7] com.kaiasia.app.core.MainRestController  : MsgFromClient_Receive:ApiRequest(header=ApiHeader(reqType=REQUEST, api=CUSTINFO_API, apiKey=custinfoq51klfoni1ezxl5f2ckpfx671, channel=API, location=PC/IOS, requestAPI=FE API, requestNode=node 01, duration=null, priority=1, context=null, synasyn=false), body={command=GET_ENQUIRY, enquiry={authenType=getUSER_PROFILE, sessionId=158963500-20170110135803-1484031483542, userID=158963500}, status=OK}, _reqId=null, _rejectCounter=null, _sendTime=null, _command=null, _authenType=null, _timeOut=null)
2025-01-06 19:01:51.960  INFO 16016 --- [http-nio-8077-exec-7] com.kaiasia.app.core.ValidateImpl        : 000 OK
2025-01-06 19:01:51.961  INFO 16016 --- [http-nio-8077-exec-7] com.kaiasia.app.core.MainRestController  : 1736164911961000_0000_4d9c62d072d44002bd6e49bdbe805d44#[API-BEGIN]
2025-01-06 19:01:51.999  INFO 16016 --- [http-nio-8077-exec-7] com.kaiasia.app.core.dao.APIDaoManager   : InsertAPIReqs()1736164911961000_0000_4d9c62d072d44002bd6e49bdbe805d44#BEGIN
2025-01-06 19:01:52.226  INFO 16016 --- [http-nio-8077-exec-7] com.kaiasia.app.core.dao.APIDaoManager   : InsertAPIReqs()1736164911961000_0000_4d9c62d072d44002bd6e49bdbe805d44#END
2025-01-06 19:01:52.254  INFO 16016 --- [http-nio-8077-exec-7] com.kaiasia.app.core.ProcessService      : 1736164911961000_0000_4d9c62d072d44002bd6e49bdbe805d44##pushApiReqToQueue#Duration:292
2025-01-06 19:01:52.760  INFO 16016 --- [pool-1-thread-2] com.kaiasia.app.core.ProcessThread       : checkTimeInQueue: 0
2025-01-06 19:01:52.761  INFO 16016 --- [pool-1-thread-2] m.apiclient.client.common.ApiCallClient  : java.text.SimpleDateFormat@5069d960-API-158963500#begin call api T24_UTIL_API
2025-01-06 19:01:53.778  INFO 16016 --- [pool-1-thread-2] m.apiclient.client.common.ApiCallClient  : java.text.SimpleDateFormat@5069d960-API-158963500#end call api T24_UTIL_API
2025-01-06 19:01:53.843  INFO 16016 --- [pool-1-thread-2] com.kaiasia.app.core.ProcessThread       : 1736164911961000_0000_4d9c62d072d44002bd6e49bdbe805d44#saveResponse#Duration: 52
2025-01-06 19:01:53.922  INFO 16016 --- [http-nio-8077-exec-7] com.kaiasia.app.core.MainRestController  : 1736164911961000_0000_4d9c62d072d44002bd6e49bdbe805d44##END
2025-01-06 19:01:53.922  INFO 16016 --- [http-nio-8077-exec-7] com.kaiasia.app.core.MainRestController  : 1736164911961000_0000_4d9c62d072d44002bd6e49bdbe805d44#MsgFromClient_Response:ApiResponse(header=ApiHeader(reqType=RESPONSE, api=CUSTINFO_API, apiKey=custinfoq51klfoni1ezxl5f2ckpfx671, channel=API, location=PC/IOS, requestAPI=FE API, requestNode=node 01, duration=1828, priority=1, context=null, synasyn=false), body={command=GET_ENQUIRY, enquiry={packAge=SUPPER, userStatus=ACTIVE, endDate=----, mainAccount=000002211234, trustedType=SMS, userLock=NO, responseCode=00, customerType=IND, nationality=VN, phone=0123456789, customerID=281692, name=Vu Van Phai, pwDate=null, company=VN100001, lang=VN, email=phai.vu@gmail.com, startDate=----}, status=OK}, error=null)#Total time: 1965
2025-01-06 19:03:29.627  INFO 16016 --- [http-nio-8077-exec-6] com.kaiasia.app.core.MainRestController  : MsgFromClient_Receive:ApiRequest(header=ApiHeader(reqType=REQUEST, api=EBANK _API, apiKey=custinfoq51klfoni1ezxl5f2ckpfx671, channel=API, location=PC/IOS, requestAPI=FE API, requestNode=node 01, duration=null, priority=1, context=null, synasyn=false), body={command=GET_ENQUIRY, enquiry={authenType=getUSER_PROFILE, sessionId=158963500-20170110135803-1484031483542, userID=158963500}, status=OK}, _reqId=null, _rejectCounter=null, _sendTime=null, _command=null, _authenType=null, _timeOut=null)
2025-01-06 19:04:29.198  WARN 16016 --- [http-nio-8077-exec-4] .w.s.m.s.DefaultHandlerExceptionResolver : Resolved [org.springframework.http.converter.HttpMessageNotReadableException: JSON parse error: Unexpected character ('}' (code 125)): was expecting double-quote to start field name; nested exception is com.fasterxml.jackson.databind.JsonMappingException: Unexpected character ('}' (code 125)): was expecting double-quote to start field name<EOL> at [Source: (org.springframework.util.StreamUtils$NonClosingInputStream); line: 18, column: 6] (through reference chain: ms.apiclient.model.ApiRequest["body"])]
2025-01-06 19:04:32.526  INFO 16016 --- [http-nio-8077-exec-9] com.kaiasia.app.core.MainRestController  : MsgFromClient_Receive:ApiRequest(header=ApiHeader(reqType=REQUEST, api=EBANK _API, apiKey=custinfoq51klfoni1ezxl5f2ckpfx671, channel=API, location=PC/IOS, requestAPI=FE API, requestNode=node 01, duration=null, priority=1, context=null, synasyn=false), body={command=GET_ENQUIRY, enquiry={authenType=getUSER_PROFILE, sessionId=158963500-20170110135803-1484031483542}, status=OK}, _reqId=null, _rejectCounter=null, _sendTime=null, _command=null, _authenType=null, _timeOut=null)
2025-01-06 19:05:11.737  INFO 16016 --- [SpringApplicationShutdownHook] j.LocalContainerEntityManagerFactoryBean : Closing JPA EntityManagerFactory for persistence unit 'default'
2025-01-06 19:05:11.740  INFO 16016 --- [SpringApplicationShutdownHook] com.zaxxer.hikari.HikariDataSource       : HikariPool-1 - Shutdown initiated...
2025-01-06 19:05:11.754  INFO 16016 --- [SpringApplicationShutdownHook] com.zaxxer.hikari.HikariDataSource       : HikariPool-1 - Shutdown completed.
2025-01-06 22:07:49.346  INFO 15548 --- [main] com.kaiasia.app.AppApplication           : Starting AppApplication using Java 1.8.0_191 on LAPTOP-N2P78VQC with PID 15548 (D:\TTKai\Project\EBank\DemoApi\target\classes started by FPT SHOP in D:\TTKai\Project\EBank\DemoApi)
2025-01-06 22:07:49.353  INFO 15548 --- [main] com.kaiasia.app.AppApplication           : No active profile set, falling back to 1 default profile: "default"
2025-01-06 22:07:50.649  INFO 15548 --- [main] .s.d.r.c.RepositoryConfigurationDelegate : Bootstrapping Spring Data JPA repositories in DEFAULT mode.
2025-01-06 22:07:50.683  INFO 15548 --- [main] .s.d.r.c.RepositoryConfigurationDelegate : Finished Spring Data repository scanning in 17 ms. Found 0 JPA repository interfaces.
2025-01-06 22:07:50.946  INFO 15548 --- [main] trationDelegate$BeanPostProcessorChecker : Bean 'postgreDatabaseConfiguration' of type [com.kaiasia.app.core.dao.PostgreDatabaseConfiguration$$EnhancerBySpringCGLIB$$426b219b] is not eligible for getting processed by all BeanPostProcessors (for example: not eligible for auto-proxying)
2025-01-06 22:07:51.304  INFO 15548 --- [main] o.s.b.w.embedded.tomcat.TomcatWebServer  : Tomcat initialized with port(s): 8077 (http)
2025-01-06 22:07:51.317  INFO 15548 --- [main] o.apache.catalina.core.StandardService   : Starting service [Tomcat]
2025-01-06 22:07:51.317  INFO 15548 --- [main] org.apache.catalina.core.StandardEngine  : Starting Servlet engine: [Apache Tomcat/9.0.65]
2025-01-06 22:07:51.599  INFO 15548 --- [main] o.a.c.c.C.[.[localhost].[/CUSTINFO_API]  : Initializing Spring embedded WebApplicationContext
2025-01-06 22:07:51.600  INFO 15548 --- [main] w.s.c.ServletWebServerApplicationContext : Root WebApplicationContext: initialization completed in 2169 ms
2025-01-06 22:07:51.733  INFO 15548 --- [main] o.hibernate.jpa.internal.util.LogHelper  : HHH000204: Processing PersistenceUnitInfo [name: default]
2025-01-06 22:07:51.801  INFO 15548 --- [main] org.hibernate.Version                    : HHH000412: Hibernate ORM core version 5.6.10.Final
2025-01-06 22:07:52.055  INFO 15548 --- [main] o.hibernate.annotations.common.Version   : HCANN000001: Hibernate Commons Annotations {5.1.2.Final}
2025-01-06 22:07:52.245  INFO 15548 --- [main] com.zaxxer.hikari.HikariDataSource       : HikariPool-1 - Starting...
2025-01-06 22:07:53.298  INFO 15548 --- [main] com.zaxxer.hikari.HikariDataSource       : HikariPool-1 - Start completed.
2025-01-06 22:07:53.313  INFO 15548 --- [main] org.hibernate.dialect.Dialect            : HHH000400: Using dialect: org.hibernate.dialect.PostgreSQLDialect
2025-01-06 22:07:53.736  INFO 15548 --- [main] o.h.e.t.j.p.i.JtaPlatformInitiator       : HHH000490: Using JtaPlatform implementation: [org.hibernate.engine.transaction.jta.platform.internal.NoJtaPlatform]
2025-01-06 22:07:53.746  INFO 15548 --- [main] j.LocalContainerEntityManagerFactoryBean : Initialized JPA EntityManagerFactory for persistence unit 'default'
2025-01-06 22:07:53.753  INFO 15548 --- [main] o.hibernate.jpa.internal.util.LogHelper  : HHH000204: Processing PersistenceUnitInfo [name: default]
2025-01-06 22:07:53.772  INFO 15548 --- [main] org.hibernate.dialect.Dialect            : HHH000400: Using dialect: org.hibernate.dialect.PostgreSQLDialect
2025-01-06 22:07:53.957  INFO 15548 --- [main] o.h.e.t.j.p.i.JtaPlatformInitiator       : HHH000490: Using JtaPlatform implementation: [org.hibernate.engine.transaction.jta.platform.internal.NoJtaPlatform]
2025-01-06 22:07:53.957  INFO 15548 --- [main] j.LocalContainerEntityManagerFactoryBean : Initialized JPA EntityManagerFactory for persistence unit 'default'
2025-01-06 22:07:54.065  INFO 15548 --- [main] org.reflections.Reflections              : Reflections took 79 ms to scan 1 urls, producing 28 keys and 49 values
2025-01-06 22:07:54.279  INFO 15548 --- [main] org.hibernate.dialect.Dialect            : HHH000400: Using dialect: org.hibernate.dialect.PostgreSQLDialect
2025-01-06 22:07:54.464  INFO 15548 --- [main] o.h.e.t.j.p.i.JtaPlatformInitiator       : HHH000490: Using JtaPlatform implementation: [org.hibernate.engine.transaction.jta.platform.internal.NoJtaPlatform]
2025-01-06 22:07:55.013  INFO 15548 --- [main] o.s.b.w.embedded.tomcat.TomcatWebServer  : Tomcat started on port(s): 8077 (http) with context path '/CUSTINFO_API'
2025-01-06 22:07:55.028  INFO 15548 --- [main] com.kaiasia.app.AppApplication           : Started AppApplication in 6.481 seconds (JVM running for 7.755)
2025-01-06 22:08:12.625  INFO 15548 --- [http-nio-8077-exec-4] o.a.c.c.C.[.[localhost].[/CUSTINFO_API]  : Initializing Spring DispatcherServlet 'dispatcherServlet'
2025-01-06 22:08:12.625  INFO 15548 --- [http-nio-8077-exec-4] o.s.web.servlet.DispatcherServlet        : Initializing Servlet 'dispatcherServlet'
2025-01-06 22:08:12.626  INFO 15548 --- [http-nio-8077-exec-4] o.s.web.servlet.DispatcherServlet        : Completed initialization in 1 ms
2025-01-06 22:08:12.739  INFO 15548 --- [http-nio-8077-exec-4] com.kaiasia.app.core.MainRestController  : MsgFromClient_Receive:ApiRequest(header=ApiHeader(reqType=REQUEST, api=EBANK_API, apiKey=custinfoq51klfoni1ezxl5f2ckpfx671, channel=API, location=PC/IOS, requestAPI=FE API, requestNode=node 01, duration=null, priority=1, context=null, synasyn=false), body={command=GET_ENQUIRY, enquiry={authenType=getUSER_PROFILE, sessionId=158963500-20170110135803-1484031483542, userID=158963500}, status=OK}, _reqId=null, _rejectCounter=null, _sendTime=null, _command=null, _authenType=null, _timeOut=null)
2025-01-06 22:11:37.315  INFO 15548 --- [SpringApplicationShutdownHook] j.LocalContainerEntityManagerFactoryBean : Closing JPA EntityManagerFactory for persistence unit 'default'
2025-01-06 22:11:37.316  INFO 15548 --- [SpringApplicationShutdownHook] com.zaxxer.hikari.HikariDataSource       : HikariPool-1 - Shutdown initiated...
2025-01-06 22:11:37.326  INFO 15548 --- [SpringApplicationShutdownHook] com.zaxxer.hikari.HikariDataSource       : HikariPool-1 - Shutdown completed.
2025-01-06 22:11:42.131  INFO 15884 --- [main] com.kaiasia.app.AppApplication           : Starting AppApplication using Java 1.8.0_191 on LAPTOP-N2P78VQC with PID 15884 (D:\TTKai\Project\EBank\DemoApi\target\classes started by FPT SHOP in D:\TTKai\Project\EBank\DemoApi)
2025-01-06 22:11:42.136  INFO 15884 --- [main] com.kaiasia.app.AppApplication           : No active profile set, falling back to 1 default profile: "default"
2025-01-06 22:11:43.290  INFO 15884 --- [main] .s.d.r.c.RepositoryConfigurationDelegate : Bootstrapping Spring Data JPA repositories in DEFAULT mode.
2025-01-06 22:11:43.312  INFO 15884 --- [main] .s.d.r.c.RepositoryConfigurationDelegate : Finished Spring Data repository scanning in 13 ms. Found 0 JPA repository interfaces.
2025-01-06 22:11:43.542  INFO 15884 --- [main] trationDelegate$BeanPostProcessorChecker : Bean 'postgreDatabaseConfiguration' of type [com.kaiasia.app.core.dao.PostgreDatabaseConfiguration$$EnhancerBySpringCGLIB$$5086e77d] is not eligible for getting processed by all BeanPostProcessors (for example: not eligible for auto-proxying)
2025-01-06 22:11:43.929  INFO 15884 --- [main] o.s.b.w.embedded.tomcat.TomcatWebServer  : Tomcat initialized with port(s): 8077 (http)
2025-01-06 22:11:43.941  INFO 15884 --- [main] o.apache.catalina.core.StandardService   : Starting service [Tomcat]
2025-01-06 22:11:43.941  INFO 15884 --- [main] org.apache.catalina.core.StandardEngine  : Starting Servlet engine: [Apache Tomcat/9.0.65]
2025-01-06 22:11:44.219  INFO 15884 --- [main] o.a.c.c.C.[.[localhost].[/EBANK_API]     : Initializing Spring embedded WebApplicationContext
2025-01-06 22:11:44.220  INFO 15884 --- [main] w.s.c.ServletWebServerApplicationContext : Root WebApplicationContext: initialization completed in 2013 ms
2025-01-06 22:11:44.332  INFO 15884 --- [main] o.hibernate.jpa.internal.util.LogHelper  : HHH000204: Processing PersistenceUnitInfo [name: default]
2025-01-06 22:11:44.401  INFO 15884 --- [main] org.hibernate.Version                    : HHH000412: Hibernate ORM core version 5.6.10.Final
2025-01-06 22:11:44.641  INFO 15884 --- [main] o.hibernate.annotations.common.Version   : HCANN000001: Hibernate Commons Annotations {5.1.2.Final}
2025-01-06 22:11:44.826  INFO 15884 --- [main] com.zaxxer.hikari.HikariDataSource       : HikariPool-1 - Starting...
2025-01-06 22:11:45.831  INFO 15884 --- [main] com.zaxxer.hikari.HikariDataSource       : HikariPool-1 - Start completed.
2025-01-06 22:11:45.847  INFO 15884 --- [main] org.hibernate.dialect.Dialect            : HHH000400: Using dialect: org.hibernate.dialect.PostgreSQLDialect
2025-01-06 22:11:46.267  INFO 15884 --- [main] o.h.e.t.j.p.i.JtaPlatformInitiator       : HHH000490: Using JtaPlatform implementation: [org.hibernate.engine.transaction.jta.platform.internal.NoJtaPlatform]
2025-01-06 22:11:46.276  INFO 15884 --- [main] j.LocalContainerEntityManagerFactoryBean : Initialized JPA EntityManagerFactory for persistence unit 'default'
2025-01-06 22:11:46.284  INFO 15884 --- [main] o.hibernate.jpa.internal.util.LogHelper  : HHH000204: Processing PersistenceUnitInfo [name: default]
2025-01-06 22:11:46.300  INFO 15884 --- [main] org.hibernate.dialect.Dialect            : HHH000400: Using dialect: org.hibernate.dialect.PostgreSQLDialect
2025-01-06 22:11:46.464  INFO 15884 --- [main] o.h.e.t.j.p.i.JtaPlatformInitiator       : HHH000490: Using JtaPlatform implementation: [org.hibernate.engine.transaction.jta.platform.internal.NoJtaPlatform]
2025-01-06 22:11:46.464  INFO 15884 --- [main] j.LocalContainerEntityManagerFactoryBean : Initialized JPA EntityManagerFactory for persistence unit 'default'
2025-01-06 22:11:46.570  INFO 15884 --- [main] org.reflections.Reflections              : Reflections took 79 ms to scan 1 urls, producing 28 keys and 49 values
2025-01-06 22:11:46.783  INFO 15884 --- [main] org.hibernate.dialect.Dialect            : HHH000400: Using dialect: org.hibernate.dialect.PostgreSQLDialect
2025-01-06 22:11:46.940  INFO 15884 --- [main] o.h.e.t.j.p.i.JtaPlatformInitiator       : HHH000490: Using JtaPlatform implementation: [org.hibernate.engine.transaction.jta.platform.internal.NoJtaPlatform]
2025-01-06 22:11:47.252  INFO 15884 --- [main] o.s.b.w.embedded.tomcat.TomcatWebServer  : Tomcat started on port(s): 8077 (http) with context path '/EBANK_API'
2025-01-06 22:11:47.263  INFO 15884 --- [main] com.kaiasia.app.AppApplication           : Started AppApplication in 5.968 seconds (JVM running for 7.445)
2025-01-06 22:12:18.089  INFO 15884 --- [http-nio-8077-exec-7] o.a.c.c.C.[.[localhost].[/EBANK_API]     : Initializing Spring DispatcherServlet 'dispatcherServlet'
2025-01-06 22:12:18.089  INFO 15884 --- [http-nio-8077-exec-7] o.s.web.servlet.DispatcherServlet        : Initializing Servlet 'dispatcherServlet'
2025-01-06 22:12:18.091  INFO 15884 --- [http-nio-8077-exec-7] o.s.web.servlet.DispatcherServlet        : Completed initialization in 2 ms
2025-01-06 22:12:18.402  INFO 15884 --- [http-nio-8077-exec-7] com.kaiasia.app.core.MainRestController  : MsgFromClient_Receive:ApiRequest(header=ApiHeader(reqType=REQUEST, api=EBANK_API, apiKey=custinfoq51klfoni1ezxl5f2ckpfx671, channel=API, location=PC/IOS, requestAPI=FE API, requestNode=node 01, duration=null, priority=1, context=null, synasyn=false), body={command=GET_ENQUIRY, enquiry={authenType=getUSER_PROFILE, sessionId=158963500-20170110135803-1484031483542, userID=158963500}, status=OK}, _reqId=null, _rejectCounter=null, _sendTime=null, _command=null, _authenType=null, _timeOut=null)
2025-01-06 22:12:18.424  INFO 15884 --- [http-nio-8077-exec-7] com.kaiasia.app.core.ValidateImpl        : 000 OK
2025-01-06 22:12:18.425  INFO 15884 --- [http-nio-8077-exec-7] com.kaiasia.app.core.MainRestController  : 1736176338425000_0000_0b63b16d0aec432085c34bb46ea0a6da#[API-BEGIN]
2025-01-06 22:12:18.611  INFO 15884 --- [http-nio-8077-exec-7] com.kaiasia.app.core.dao.APIDaoManager   : InsertAPIReqs()1736176338425000_0000_0b63b16d0aec432085c34bb46ea0a6da#BEGIN
2025-01-06 22:12:18.887  INFO 15884 --- [http-nio-8077-exec-7] com.kaiasia.app.core.dao.APIDaoManager   : InsertAPIReqs()1736176338425000_0000_0b63b16d0aec432085c34bb46ea0a6da#END
2025-01-06 22:12:18.928  INFO 15884 --- [http-nio-8077-exec-7] com.kaiasia.app.core.ProcessService      : 1736176338425000_0000_0b63b16d0aec432085c34bb46ea0a6da##pushApiReqToQueue#Duration:502
2025-01-06 22:12:19.265  INFO 15884 --- [pool-1-thread-1] com.kaiasia.app.core.ProcessThread       : checkTimeInQueue: 0
2025-01-06 22:12:19.267  INFO 15884 --- [pool-1-thread-1] m.apiclient.client.common.ApiCallClient  : java.text.SimpleDateFormat@5069d960-API-158963500#begin call api null
2025-01-06 22:12:19.296 ERROR 15884 --- [pool-1-thread-1] c.kaiasia.app.register.ServiceRegister   : {}

java.lang.reflect.InvocationTargetException: null
	at sun.reflect.NativeMethodAccessorImpl.invoke0(Native Method) ~[na:1.8.0_191]
	at sun.reflect.NativeMethodAccessorImpl.invoke(NativeMethodAccessorImpl.java:62) ~[na:1.8.0_191]
	at sun.reflect.DelegatingMethodAccessorImpl.invoke(DelegatingMethodAccessorImpl.java:43) ~[na:1.8.0_191]
	at java.lang.reflect.Method.invoke(Method.java:498) ~[na:1.8.0_191]
	at com.kaiasia.app.register.RequestProcessor.execute(RequestProcessor.java:20) ~[classes/:na]
	at com.kaiasia.app.register.ServiceRegister.processAuthenType(ServiceRegister.java:81) ~[classes/:na]
	at com.kaiasia.app.core.ProcessImpl.process(ProcessImpl.java:35) [classes/:na]
	at com.kaiasia.app.core.ProcessThread.process(ProcessThread.java:62) [classes/:na]
	at com.kaiasia.app.core.job.ApiResTask.execute(ApiResTask.java:25) [classes/:na]
	at com.kaiasia.app.core.async.KaiTask.run(KaiTask.java:15) [classes/:na]
	at java.util.concurrent.ThreadPoolExecutor.runWorker(ThreadPoolExecutor.java:1149) [na:1.8.0_191]
	at java.util.concurrent.ThreadPoolExecutor$Worker.run(ThreadPoolExecutor.java:624) [na:1.8.0_191]
	at java.lang.Thread.run(Thread.java:748) [na:1.8.0_191]
Caused by: org.springframework.web.client.RestClientException: java.text.SimpleDateFormat@5069d960-API-158963500; nested exception is java.lang.IllegalArgumentException: URI is not absolute
	at com.kaiasia.app.service.ebank.service.EBankService.process(EBankService.java:99) ~[classes/:na]
	... 13 common frames omitted
Caused by: java.lang.IllegalArgumentException: URI is not absolute
	at java.net.URI.toURL(URI.java:1088) ~[na:1.8.0_191]
	at org.springframework.http.client.SimpleClientHttpRequestFactory.createRequest(SimpleClientHttpRequestFactory.java:145) ~[spring-web-5.3.22.jar:5.3.22]
	at org.springframework.http.client.support.HttpAccessor.createRequest(HttpAccessor.java:124) ~[spring-web-5.3.22.jar:5.3.22]
	at org.springframework.web.client.RestTemplate.doExecute(RestTemplate.java:772) ~[spring-web-5.3.22.jar:5.3.22]
	at org.springframework.web.client.RestTemplate.execute(RestTemplate.java:711) ~[spring-web-5.3.22.jar:5.3.22]
	at org.springframework.web.client.RestTemplate.postForObject(RestTemplate.java:437) ~[spring-web-5.3.22.jar:5.3.22]
	at ms.apiclient.client.common.ApiRestTemplate.call(ApiRestTemplate.java:25) ~[kai-client-20250105.jar:20250105]
	at ms.apiclient.client.common.ApiCallClient.call(ApiCallClient.java:35) ~[kai-client-20250105.jar:20250105]
	at ms.apiclient.authen.AuthenClient.takeSession(AuthenClient.java:34) ~[kai-client-20250105.jar:20250105]
	at com.kaiasia.app.service.ebank.service.EBankService.process(EBankService.java:89) ~[classes/:na]
	... 13 common frames omitted

2025-01-06 22:12:19.297 ERROR 15884 --- [pool-1-thread-1] com.kaiasia.app.core.ProcessImpl         : {}

java.lang.NullPointerException: null
	at com.kaiasia.app.core.ProcessImpl.process(ProcessImpl.java:38) ~[classes/:na]
	at com.kaiasia.app.core.ProcessThread.process(ProcessThread.java:62) [classes/:na]
	at com.kaiasia.app.core.job.ApiResTask.execute(ApiResTask.java:25) [classes/:na]
	at com.kaiasia.app.core.async.KaiTask.run(KaiTask.java:15) [classes/:na]
	at java.util.concurrent.ThreadPoolExecutor.runWorker(ThreadPoolExecutor.java:1149) [na:1.8.0_191]
	at java.util.concurrent.ThreadPoolExecutor$Worker.run(ThreadPoolExecutor.java:624) [na:1.8.0_191]
	at java.lang.Thread.run(Thread.java:748) [na:1.8.0_191]

2025-01-06 22:12:19.360  INFO 15884 --- [pool-1-thread-1] com.kaiasia.app.core.ProcessThread       : 1736176338425000_0000_0b63b16d0aec432085c34bb46ea0a6da#saveResponse#Duration: 62
2025-01-06 22:12:19.451  INFO 15884 --- [http-nio-8077-exec-7] com.kaiasia.app.core.MainRestController  : 1736176338425000_0000_0b63b16d0aec432085c34bb46ea0a6da##END
2025-01-06 22:12:19.452  INFO 15884 --- [http-nio-8077-exec-7] com.kaiasia.app.core.MainRestController  : 1736176338425000_0000_0b63b16d0aec432085c34bb46ea0a6da#MsgFromClient_Response:ApiResponse(header=ApiHeader(reqType=RESPONSE, api=EBANK_API, apiKey=custinfoq51klfoni1ezxl5f2ckpfx671, channel=API, location=PC/IOS, requestAPI=FE API, requestNode=node 01, duration=827, priority=1, context=null, synasyn=false), body={status=FAILE}, error=ApiError(code=999, desc=Internal Server Error java.lang.NullPointerException))#Total time: 1050
2025-01-06 22:12:54.493  INFO 15884 --- [http-nio-8077-exec-10] com.kaiasia.app.core.MainRestController  : MsgFromClient_Receive:ApiRequest(header=ApiHeader(reqType=REQUEST, api=CUSTINFO_API, apiKey=custinfoq51klfoni1ezxl5f2ckpfx671, channel=API, location=PC/IOS, requestAPI=FE API, requestNode=node 01, duration=null, priority=1, context=null, synasyn=false), body={command=GET_ENQUIRY, enquiry={authenType=getUSER_PROFILE, sessionId=158963500-20170110135803-1484031483542, userID=158963500}, status=OK}, _reqId=null, _rejectCounter=null, _sendTime=null, _command=null, _authenType=null, _timeOut=null)
2025-01-06 22:12:57.514  INFO 15884 --- [http-nio-8077-exec-4] com.kaiasia.app.core.MainRestController  : MsgFromClient_Receive:ApiRequest(header=ApiHeader(reqType=REQUEST, api=CUSTINFO_API, apiKey=custinfoq51klfoni1ezxl5f2ckpfx671, channel=API, location=PC/IOS, requestAPI=FE API, requestNode=node 01, duration=null, priority=1, context=null, synasyn=false), body={command=GET_ENQUIRY, enquiry={authenType=getUSER_PROFILE, sessionId=158963500-20170110135803-1484031483542, userID=158963500}, status=OK}, _reqId=null, _rejectCounter=null, _sendTime=null, _command=null, _authenType=null, _timeOut=null)
2025-01-06 22:13:00.462  INFO 15884 --- [http-nio-8077-exec-5] com.kaiasia.app.core.MainRestController  : MsgFromClient_Receive:ApiRequest(header=ApiHeader(reqType=REQUEST, api=CUSTINFO_API, apiKey=custinfoq51klfoni1ezxl5f2ckpfx671, channel=API, location=PC/IOS, requestAPI=FE API, requestNode=node 01, duration=null, priority=1, context=null, synasyn=false), body={command=GET_ENQUIRY, enquiry={authenType=getUSER_PROFILE, sessionId=158963500-20170110135803-1484031483542, userID=158963500}, status=OK}, _reqId=null, _rejectCounter=null, _sendTime=null, _command=null, _authenType=null, _timeOut=null)
2025-01-06 22:13:05.715  INFO 15884 --- [http-nio-8077-exec-6] com.kaiasia.app.core.MainRestController  : MsgFromClient_Receive:ApiRequest(header=ApiHeader(reqType=REQUEST, api=EBANK_API, apiKey=custinfoq51klfoni1ezxl5f2ckpfx671, channel=API, location=PC/IOS, requestAPI=FE API, requestNode=node 01, duration=null, priority=1, context=null, synasyn=false), body={command=GET_ENQUIRY, enquiry={authenType=getUSER_PROFILE, sessionId=158963500-20170110135803-1484031483542, userID=158963500}, status=OK}, _reqId=null, _rejectCounter=null, _sendTime=null, _command=null, _authenType=null, _timeOut=null)
2025-01-06 22:13:05.716  INFO 15884 --- [http-nio-8077-exec-6] com.kaiasia.app.core.ValidateImpl        : 000 OK
2025-01-06 22:13:05.717  INFO 15884 --- [http-nio-8077-exec-6] com.kaiasia.app.core.MainRestController  : 1736176385717000_0000_60b355488eda47b8a244236e9a38c736#[API-BEGIN]
2025-01-06 22:13:05.745  INFO 15884 --- [http-nio-8077-exec-6] com.kaiasia.app.core.dao.APIDaoManager   : InsertAPIReqs()1736176385717000_0000_60b355488eda47b8a244236e9a38c736#BEGIN
2025-01-06 22:13:05.999  INFO 15884 --- [http-nio-8077-exec-6] com.kaiasia.app.core.dao.APIDaoManager   : InsertAPIReqs()1736176385717000_0000_60b355488eda47b8a244236e9a38c736#END
2025-01-06 22:13:06.028  INFO 15884 --- [http-nio-8077-exec-6] com.kaiasia.app.core.ProcessService      : 1736176385717000_0000_60b355488eda47b8a244236e9a38c736##pushApiReqToQueue#Duration:311
2025-01-06 22:13:06.611  INFO 15884 --- [pool-1-thread-2] com.kaiasia.app.core.ProcessThread       : checkTimeInQueue: 0
2025-01-06 22:13:06.612  INFO 15884 --- [pool-1-thread-2] m.apiclient.client.common.ApiCallClient  : java.text.SimpleDateFormat@5069d960-API-158963500#begin call api null
2025-01-06 22:13:06.617 ERROR 15884 --- [pool-1-thread-2] c.kaiasia.app.register.ServiceRegister   : {}

java.lang.reflect.InvocationTargetException: null
	at sun.reflect.NativeMethodAccessorImpl.invoke0(Native Method) ~[na:1.8.0_191]
	at sun.reflect.NativeMethodAccessorImpl.invoke(NativeMethodAccessorImpl.java:62) ~[na:1.8.0_191]
	at sun.reflect.DelegatingMethodAccessorImpl.invoke(DelegatingMethodAccessorImpl.java:43) ~[na:1.8.0_191]
	at java.lang.reflect.Method.invoke(Method.java:498) ~[na:1.8.0_191]
	at com.kaiasia.app.register.RequestProcessor.execute(RequestProcessor.java:20) ~[classes/:na]
	at com.kaiasia.app.register.ServiceRegister.processAuthenType(ServiceRegister.java:81) ~[classes/:na]
	at com.kaiasia.app.core.ProcessImpl.process(ProcessImpl.java:35) [classes/:na]
	at com.kaiasia.app.core.ProcessThread.process(ProcessThread.java:62) [classes/:na]
	at com.kaiasia.app.core.job.ApiResTask.execute(ApiResTask.java:25) [classes/:na]
	at com.kaiasia.app.core.async.KaiTask.run(KaiTask.java:15) [classes/:na]
	at java.util.concurrent.ThreadPoolExecutor.runWorker(ThreadPoolExecutor.java:1149) [na:1.8.0_191]
	at java.util.concurrent.ThreadPoolExecutor$Worker.run(ThreadPoolExecutor.java:624) [na:1.8.0_191]
	at java.lang.Thread.run(Thread.java:748) [na:1.8.0_191]
Caused by: org.springframework.web.client.RestClientException: java.text.SimpleDateFormat@5069d960-API-158963500; nested exception is java.lang.IllegalArgumentException: URI is not absolute
	at com.kaiasia.app.service.ebank.service.EBankService.process(EBankService.java:99) ~[classes/:na]
	... 13 common frames omitted
Caused by: java.lang.IllegalArgumentException: URI is not absolute
	at java.net.URI.toURL(URI.java:1088) ~[na:1.8.0_191]
	at org.springframework.http.client.SimpleClientHttpRequestFactory.createRequest(SimpleClientHttpRequestFactory.java:145) ~[spring-web-5.3.22.jar:5.3.22]
	at org.springframework.http.client.support.HttpAccessor.createRequest(HttpAccessor.java:124) ~[spring-web-5.3.22.jar:5.3.22]
	at org.springframework.web.client.RestTemplate.doExecute(RestTemplate.java:772) ~[spring-web-5.3.22.jar:5.3.22]
	at org.springframework.web.client.RestTemplate.execute(RestTemplate.java:711) ~[spring-web-5.3.22.jar:5.3.22]
	at org.springframework.web.client.RestTemplate.postForObject(RestTemplate.java:437) ~[spring-web-5.3.22.jar:5.3.22]
	at ms.apiclient.client.common.ApiRestTemplate.call(ApiRestTemplate.java:25) ~[kai-client-20250105.jar:20250105]
	at ms.apiclient.client.common.ApiCallClient.call(ApiCallClient.java:35) ~[kai-client-20250105.jar:20250105]
	at ms.apiclient.authen.AuthenClient.takeSession(AuthenClient.java:34) ~[kai-client-20250105.jar:20250105]
	at com.kaiasia.app.service.ebank.service.EBankService.process(EBankService.java:89) ~[classes/:na]
	... 13 common frames omitted

2025-01-06 22:13:06.619 ERROR 15884 --- [pool-1-thread-2] com.kaiasia.app.core.ProcessImpl         : {}

java.lang.NullPointerException: null
	at com.kaiasia.app.core.ProcessImpl.process(ProcessImpl.java:38) ~[classes/:na]
	at com.kaiasia.app.core.ProcessThread.process(ProcessThread.java:62) [classes/:na]
	at com.kaiasia.app.core.job.ApiResTask.execute(ApiResTask.java:25) [classes/:na]
	at com.kaiasia.app.core.async.KaiTask.run(KaiTask.java:15) [classes/:na]
	at java.util.concurrent.ThreadPoolExecutor.runWorker(ThreadPoolExecutor.java:1149) [na:1.8.0_191]
	at java.util.concurrent.ThreadPoolExecutor$Worker.run(ThreadPoolExecutor.java:624) [na:1.8.0_191]
	at java.lang.Thread.run(Thread.java:748) [na:1.8.0_191]

2025-01-06 22:13:06.679  INFO 15884 --- [pool-1-thread-2] com.kaiasia.app.core.ProcessThread       : 1736176385717000_0000_60b355488eda47b8a244236e9a38c736#saveResponse#Duration: 58
2025-01-06 22:13:06.778  INFO 15884 --- [http-nio-8077-exec-6] com.kaiasia.app.core.MainRestController  : 1736176385717000_0000_60b355488eda47b8a244236e9a38c736##END
2025-01-06 22:13:06.778  INFO 15884 --- [http-nio-8077-exec-6] com.kaiasia.app.core.MainRestController  : 1736176385717000_0000_60b355488eda47b8a244236e9a38c736#MsgFromClient_Response:ApiResponse(header=ApiHeader(reqType=RESPONSE, api=EBANK_API, apiKey=custinfoq51klfoni1ezxl5f2ckpfx671, channel=API, location=PC/IOS, requestAPI=FE API, requestNode=node 01, duration=904, priority=1, context=null, synasyn=false), body={status=FAILE}, error=ApiError(code=999, desc=Internal Server Error java.lang.NullPointerException))#Total time: 1063
2025-01-06 22:15:30.622  INFO 15884 --- [SpringApplicationShutdownHook] j.LocalContainerEntityManagerFactoryBean : Closing JPA EntityManagerFactory for persistence unit 'default'
2025-01-06 22:15:30.624  INFO 15884 --- [SpringApplicationShutdownHook] com.zaxxer.hikari.HikariDataSource       : HikariPool-1 - Shutdown initiated...
2025-01-06 22:15:30.636  INFO 15884 --- [SpringApplicationShutdownHook] com.zaxxer.hikari.HikariDataSource       : HikariPool-1 - Shutdown completed.
2025-01-06 22:15:40.543  INFO 20836 --- [main] com.kaiasia.app.AppApplication           : Starting AppApplication using Java 1.8.0_191 on LAPTOP-N2P78VQC with PID 20836 (D:\TTKai\Project\EBank\DemoApi\target\classes started by FPT SHOP in D:\TTKai\Project\EBank\DemoApi)
2025-01-06 22:15:40.547  INFO 20836 --- [main] com.kaiasia.app.AppApplication           : No active profile set, falling back to 1 default profile: "default"
2025-01-06 22:15:41.598  INFO 20836 --- [main] .s.d.r.c.RepositoryConfigurationDelegate : Bootstrapping Spring Data JPA repositories in DEFAULT mode.
2025-01-06 22:15:41.620  INFO 20836 --- [main] .s.d.r.c.RepositoryConfigurationDelegate : Finished Spring Data repository scanning in 13 ms. Found 0 JPA repository interfaces.
2025-01-06 22:15:41.785  INFO 20836 --- [main] trationDelegate$BeanPostProcessorChecker : Bean 'postgreDatabaseConfiguration' of type [com.kaiasia.app.core.dao.PostgreDatabaseConfiguration$$EnhancerBySpringCGLIB$$5086e77d] is not eligible for getting processed by all BeanPostProcessors (for example: not eligible for auto-proxying)
2025-01-06 22:15:42.110  INFO 20836 --- [main] o.s.b.w.embedded.tomcat.TomcatWebServer  : Tomcat initialized with port(s): 8077 (http)
2025-01-06 22:15:42.119  INFO 20836 --- [main] o.apache.catalina.core.StandardService   : Starting service [Tomcat]
2025-01-06 22:15:42.120  INFO 20836 --- [main] org.apache.catalina.core.StandardEngine  : Starting Servlet engine: [Apache Tomcat/9.0.65]
2025-01-06 22:15:42.368  INFO 20836 --- [main] o.a.c.c.C.[.[localhost].[/EBANK_API]     : Initializing Spring embedded WebApplicationContext
2025-01-06 22:15:42.369  INFO 20836 --- [main] w.s.c.ServletWebServerApplicationContext : Root WebApplicationContext: initialization completed in 1753 ms
2025-01-06 22:15:42.463  INFO 20836 --- [main] o.hibernate.jpa.internal.util.LogHelper  : HHH000204: Processing PersistenceUnitInfo [name: default]
2025-01-06 22:15:42.563  INFO 20836 --- [main] org.hibernate.Version                    : HHH000412: Hibernate ORM core version 5.6.10.Final
2025-01-06 22:15:42.914  INFO 20836 --- [main] o.hibernate.annotations.common.Version   : HCANN000001: Hibernate Commons Annotations {5.1.2.Final}
2025-01-06 22:15:43.163  INFO 20836 --- [main] com.zaxxer.hikari.HikariDataSource       : HikariPool-1 - Starting...
2025-01-06 22:15:44.560  INFO 20836 --- [main] com.zaxxer.hikari.HikariDataSource       : HikariPool-1 - Start completed.
2025-01-06 22:15:44.591  INFO 20836 --- [main] org.hibernate.dialect.Dialect            : HHH000400: Using dialect: org.hibernate.dialect.PostgreSQLDialect
2025-01-06 22:15:45.158  INFO 20836 --- [main] o.h.e.t.j.p.i.JtaPlatformInitiator       : HHH000490: Using JtaPlatform implementation: [org.hibernate.engine.transaction.jta.platform.internal.NoJtaPlatform]
2025-01-06 22:15:45.180  INFO 20836 --- [main] j.LocalContainerEntityManagerFactoryBean : Initialized JPA EntityManagerFactory for persistence unit 'default'
2025-01-06 22:15:45.197  INFO 20836 --- [main] o.hibernate.jpa.internal.util.LogHelper  : HHH000204: Processing PersistenceUnitInfo [name: default]
2025-01-06 22:15:45.246  INFO 20836 --- [main] org.hibernate.dialect.Dialect            : HHH000400: Using dialect: org.hibernate.dialect.PostgreSQLDialect
2025-01-06 22:15:45.426  INFO 20836 --- [main] o.h.e.t.j.p.i.JtaPlatformInitiator       : HHH000490: Using JtaPlatform implementation: [org.hibernate.engine.transaction.jta.platform.internal.NoJtaPlatform]
2025-01-06 22:15:45.428  INFO 20836 --- [main] j.LocalContainerEntityManagerFactoryBean : Initialized JPA EntityManagerFactory for persistence unit 'default'
2025-01-06 22:15:45.591  INFO 20836 --- [main] org.reflections.Reflections              : Reflections took 112 ms to scan 1 urls, producing 28 keys and 49 values
2025-01-06 22:15:45.977  INFO 20836 --- [main] org.hibernate.dialect.Dialect            : HHH000400: Using dialect: org.hibernate.dialect.PostgreSQLDialect
2025-01-06 22:15:46.154  INFO 20836 --- [main] o.h.e.t.j.p.i.JtaPlatformInitiator       : HHH000490: Using JtaPlatform implementation: [org.hibernate.engine.transaction.jta.platform.internal.NoJtaPlatform]
2025-01-06 22:15:46.784  INFO 20836 --- [main] o.s.b.w.embedded.tomcat.TomcatWebServer  : Tomcat started on port(s): 8077 (http) with context path '/EBANK_API'
2025-01-06 22:15:46.801  INFO 20836 --- [main] com.kaiasia.app.AppApplication           : Started AppApplication in 6.939 seconds (JVM running for 8.337)
2025-01-06 22:15:49.864  INFO 20836 --- [http-nio-8077-exec-1] o.a.c.c.C.[.[localhost].[/EBANK_API]     : Initializing Spring DispatcherServlet 'dispatcherServlet'
2025-01-06 22:15:49.865  INFO 20836 --- [http-nio-8077-exec-1] o.s.web.servlet.DispatcherServlet        : Initializing Servlet 'dispatcherServlet'
2025-01-06 22:15:49.866  INFO 20836 --- [http-nio-8077-exec-1] o.s.web.servlet.DispatcherServlet        : Completed initialization in 1 ms
2025-01-06 22:15:50.039  INFO 20836 --- [http-nio-8077-exec-1] com.kaiasia.app.core.MainRestController  : MsgFromClient_Receive:ApiRequest(header=ApiHeader(reqType=REQUEST, api=EBANK_API, apiKey=custinfoq51klfoni1ezxl5f2ckpfx671, channel=API, location=PC/IOS, requestAPI=FE API, requestNode=node 01, duration=null, priority=1, context=null, synasyn=false), body={command=GET_ENQUIRY, enquiry={authenType=getUSER_PROFILE, sessionId=158963500-20170110135803-1484031483542, userID=158963500}, status=OK}, _reqId=null, _rejectCounter=null, _sendTime=null, _command=null, _authenType=null, _timeOut=null)
2025-01-06 22:15:50.051  INFO 20836 --- [http-nio-8077-exec-1] com.kaiasia.app.core.ValidateImpl        : 000 OK
2025-01-06 22:15:50.052  INFO 20836 --- [http-nio-8077-exec-1] com.kaiasia.app.core.MainRestController  : 1736176550052000_0000_d6022d9f22ec4ada959f79c6ff424252#[API-BEGIN]
2025-01-06 22:15:50.191  INFO 20836 --- [http-nio-8077-exec-1] com.kaiasia.app.core.dao.APIDaoManager   : InsertAPIReqs()1736176550052000_0000_d6022d9f22ec4ada959f79c6ff424252#BEGIN
2025-01-06 22:15:50.455  INFO 20836 --- [http-nio-8077-exec-1] com.kaiasia.app.core.dao.APIDaoManager   : InsertAPIReqs()1736176550052000_0000_d6022d9f22ec4ada959f79c6ff424252#END
2025-01-06 22:15:50.489  INFO 20836 --- [http-nio-8077-exec-1] com.kaiasia.app.core.ProcessService      : 1736176550052000_0000_d6022d9f22ec4ada959f79c6ff424252##pushApiReqToQueue#Duration:437
2025-01-06 22:15:50.908  INFO 20836 --- [pool-1-thread-1] com.kaiasia.app.core.ProcessThread       : checkTimeInQueue: 0
2025-01-06 22:15:50.909  INFO 20836 --- [pool-1-thread-1] m.apiclient.client.common.ApiCallClient  : java.text.SimpleDateFormat@5069d960-API-158963500#begin call api T24_UTIL_API
2025-01-06 22:15:51.724  INFO 20836 --- [pool-1-thread-1] m.apiclient.client.common.ApiCallClient  : java.text.SimpleDateFormat@5069d960-API-158963500#end call api T24_UTIL_API
2025-01-06 22:15:51.823  INFO 20836 --- [pool-1-thread-1] com.kaiasia.app.core.ProcessThread       : 1736176550052000_0000_d6022d9f22ec4ada959f79c6ff424252#saveResponse#Duration: 62
2025-01-06 22:15:51.926  INFO 20836 --- [http-nio-8077-exec-1] com.kaiasia.app.core.MainRestController  : 1736176550052000_0000_d6022d9f22ec4ada959f79c6ff424252##END
2025-01-06 22:15:51.926  INFO 20836 --- [http-nio-8077-exec-1] com.kaiasia.app.core.MainRestController  : 1736176550052000_0000_d6022d9f22ec4ada959f79c6ff424252#MsgFromClient_Response:ApiResponse(header=ApiHeader(reqType=RESPONSE, api=EBANK_API, apiKey=custinfoq51klfoni1ezxl5f2ckpfx671, channel=API, location=PC/IOS, requestAPI=FE API, requestNode=node 01, duration=1672, priority=1, context=null, synasyn=false), body={command=GET_ENQUIRY, enquiry={packAge=SUPPER, userStatus=ACTIVE, endDate=----, mainAccount=000002211234, trustedType=SMS, userLock=NO, responseCode=00, customerType=IND, nationality=VN, phone=0123456789, customerID=281692, name=Vu Van Phai, pwDate=null, company=VN100001, lang=VN, email=phai.vu@gmail.com, startDate=----}, status=OK}, error=null)#Total time: 1887
2025-01-06 22:19:34.198  INFO 20836 --- [SpringApplicationShutdownHook] j.LocalContainerEntityManagerFactoryBean : Closing JPA EntityManagerFactory for persistence unit 'default'
2025-01-06 22:19:34.200  INFO 20836 --- [SpringApplicationShutdownHook] com.zaxxer.hikari.HikariDataSource       : HikariPool-1 - Shutdown initiated...
2025-01-06 22:19:34.212  INFO 20836 --- [SpringApplicationShutdownHook] com.zaxxer.hikari.HikariDataSource       : HikariPool-1 - Shutdown completed.
2025-01-06 22:27:53.756  INFO 2816 --- [main] com.kaiasia.app.AppApplication           : Starting AppApplication using Java 1.8.0_191 on LAPTOP-N2P78VQC with PID 2816 (D:\TTKai\Project\EBank\DemoApi\target\classes started by FPT SHOP in D:\TTKai\Project\EBank\DemoApi)
2025-01-06 22:27:53.759  INFO 2816 --- [main] com.kaiasia.app.AppApplication           : No active profile set, falling back to 1 default profile: "default"
2025-01-06 22:27:54.522  INFO 2816 --- [main] .s.d.r.c.RepositoryConfigurationDelegate : Bootstrapping Spring Data JPA repositories in DEFAULT mode.
2025-01-06 22:27:54.540  INFO 2816 --- [main] .s.d.r.c.RepositoryConfigurationDelegate : Finished Spring Data repository scanning in 8 ms. Found 0 JPA repository interfaces.
2025-01-06 22:27:54.703  INFO 2816 --- [main] trationDelegate$BeanPostProcessorChecker : Bean 'postgreDatabaseConfiguration' of type [com.kaiasia.app.core.dao.PostgreDatabaseConfiguration$$EnhancerBySpringCGLIB$$426b219b] is not eligible for getting processed by all BeanPostProcessors (for example: not eligible for auto-proxying)
2025-01-06 22:27:54.984  INFO 2816 --- [main] o.s.b.w.embedded.tomcat.TomcatWebServer  : Tomcat initialized with port(s): 8077 (http)
2025-01-06 22:27:54.993  INFO 2816 --- [main] o.apache.catalina.core.StandardService   : Starting service [Tomcat]
2025-01-06 22:27:54.993  INFO 2816 --- [main] org.apache.catalina.core.StandardEngine  : Starting Servlet engine: [Apache Tomcat/9.0.65]
2025-01-06 22:27:55.160  INFO 2816 --- [main] o.a.c.c.C.[.[localhost].[/EBANK_API]     : Initializing Spring embedded WebApplicationContext
2025-01-06 22:27:55.162  INFO 2816 --- [main] w.s.c.ServletWebServerApplicationContext : Root WebApplicationContext: initialization completed in 1356 ms
2025-01-06 22:27:55.259  INFO 2816 --- [main] o.hibernate.jpa.internal.util.LogHelper  : HHH000204: Processing PersistenceUnitInfo [name: default]
2025-01-06 22:27:55.312  INFO 2816 --- [main] org.hibernate.Version                    : HHH000412: Hibernate ORM core version 5.6.10.Final
2025-01-06 22:27:55.469  INFO 2816 --- [main] o.hibernate.annotations.common.Version   : HCANN000001: Hibernate Commons Annotations {5.1.2.Final}
2025-01-06 22:27:55.630  INFO 2816 --- [main] com.zaxxer.hikari.HikariDataSource       : HikariPool-1 - Starting...
2025-01-06 22:27:56.450  INFO 2816 --- [main] com.zaxxer.hikari.HikariDataSource       : HikariPool-1 - Start completed.
2025-01-06 22:27:56.467  INFO 2816 --- [main] org.hibernate.dialect.Dialect            : HHH000400: Using dialect: org.hibernate.dialect.PostgreSQLDialect
2025-01-06 22:27:56.860  INFO 2816 --- [main] o.h.e.t.j.p.i.JtaPlatformInitiator       : HHH000490: Using JtaPlatform implementation: [org.hibernate.engine.transaction.jta.platform.internal.NoJtaPlatform]
2025-01-06 22:27:56.874  INFO 2816 --- [main] j.LocalContainerEntityManagerFactoryBean : Initialized JPA EntityManagerFactory for persistence unit 'default'
2025-01-06 22:27:56.884  INFO 2816 --- [main] o.hibernate.jpa.internal.util.LogHelper  : HHH000204: Processing PersistenceUnitInfo [name: default]
2025-01-06 22:27:56.901  INFO 2816 --- [main] org.hibernate.dialect.Dialect            : HHH000400: Using dialect: org.hibernate.dialect.PostgreSQLDialect
2025-01-06 22:27:57.052  INFO 2816 --- [main] o.h.e.t.j.p.i.JtaPlatformInitiator       : HHH000490: Using JtaPlatform implementation: [org.hibernate.engine.transaction.jta.platform.internal.NoJtaPlatform]
2025-01-06 22:27:57.052  INFO 2816 --- [main] j.LocalContainerEntityManagerFactoryBean : Initialized JPA EntityManagerFactory for persistence unit 'default'
2025-01-06 22:27:57.165  INFO 2816 --- [main] org.reflections.Reflections              : Reflections took 75 ms to scan 1 urls, producing 28 keys and 49 values
2025-01-06 22:27:57.362  INFO 2816 --- [main] org.hibernate.dialect.Dialect            : HHH000400: Using dialect: org.hibernate.dialect.PostgreSQLDialect
2025-01-06 22:27:57.518  INFO 2816 --- [main] o.h.e.t.j.p.i.JtaPlatformInitiator       : HHH000490: Using JtaPlatform implementation: [org.hibernate.engine.transaction.jta.platform.internal.NoJtaPlatform]
2025-01-06 22:27:57.832  INFO 2816 --- [main] o.s.b.w.embedded.tomcat.TomcatWebServer  : Tomcat started on port(s): 8077 (http) with context path '/EBANK_API'
2025-01-06 22:27:57.842  INFO 2816 --- [main] com.kaiasia.app.AppApplication           : Started AppApplication in 4.667 seconds (JVM running for 5.5)
2025-01-06 22:28:00.727  INFO 2816 --- [http-nio-8077-exec-1] o.a.c.c.C.[.[localhost].[/EBANK_API]     : Initializing Spring DispatcherServlet 'dispatcherServlet'
2025-01-06 22:28:00.727  INFO 2816 --- [http-nio-8077-exec-1] o.s.web.servlet.DispatcherServlet        : Initializing Servlet 'dispatcherServlet'
2025-01-06 22:28:00.728  INFO 2816 --- [http-nio-8077-exec-1] o.s.web.servlet.DispatcherServlet        : Completed initialization in 1 ms
2025-01-06 22:28:00.849  INFO 2816 --- [http-nio-8077-exec-1] com.kaiasia.app.core.MainRestController  : MsgFromClient_Receive:ApiRequest(header=ApiHeader(reqType=REQUEST, api=EBANK_API, apiKey=custinfoq51klfoni1ezxl5f2ckpfx671, channel=API, location=PC/IOS, requestAPI=FE API, requestNode=node 01, duration=null, priority=1, context=null, synasyn=false), body={command=GET_ENQUIRY, enquiry={authenType=getUSER_PROFILE, sessionId=158963500-20170110135803-1484031483542, userID=158963500}, status=OK}, _reqId=null, _rejectCounter=null, _sendTime=null, _command=null, _authenType=null, _timeOut=null)
2025-01-06 22:28:00.855  INFO 2816 --- [http-nio-8077-exec-1] com.kaiasia.app.core.ValidateImpl        : 000 OK
2025-01-06 22:28:00.856  INFO 2816 --- [http-nio-8077-exec-1] com.kaiasia.app.core.MainRestController  : 1736177280855000_0000_da86525ac36a4da9b4b4201008fca067#[API-BEGIN]
2025-01-06 22:28:00.925  INFO 2816 --- [http-nio-8077-exec-1] com.kaiasia.app.core.dao.APIDaoManager   : InsertAPIReqs()1736177280855000_0000_da86525ac36a4da9b4b4201008fca067#BEGIN
2025-01-06 22:28:01.163  INFO 2816 --- [http-nio-8077-exec-1] com.kaiasia.app.core.dao.APIDaoManager   : InsertAPIReqs()1736177280855000_0000_da86525ac36a4da9b4b4201008fca067#END
2025-01-06 22:28:01.194  INFO 2816 --- [http-nio-8077-exec-1] com.kaiasia.app.core.ProcessService      : 1736177280855000_0000_da86525ac36a4da9b4b4201008fca067##pushApiReqToQueue#Duration:338
2025-01-06 22:28:01.881  INFO 2816 --- [pool-1-thread-1] com.kaiasia.app.core.ProcessThread       : checkTimeInQueue: 0
2025-01-06 22:28:01.887  INFO 2816 --- [pool-1-thread-1] m.apiclient.client.common.ApiCallClient  : java.text.SimpleDateFormat@5069d960-API-158963500#begin call api T24_UTIL_API
2025-01-06 22:28:02.453  INFO 2816 --- [pool-1-thread-1] m.apiclient.client.common.ApiCallClient  : java.text.SimpleDateFormat@5069d960-API-158963500#end call api T24_UTIL_API
2025-01-06 22:28:02.538  INFO 2816 --- [pool-1-thread-1] com.kaiasia.app.core.ProcessThread       : 1736177280855000_0000_da86525ac36a4da9b4b4201008fca067#saveResponse#Duration: 55
2025-01-06 22:28:02.637  INFO 2816 --- [http-nio-8077-exec-1] com.kaiasia.app.core.MainRestController  : 1736177280855000_0000_da86525ac36a4da9b4b4201008fca067##END
2025-01-06 22:28:02.638  INFO 2816 --- [http-nio-8077-exec-1] com.kaiasia.app.core.MainRestController  : 1736177280855000_0000_da86525ac36a4da9b4b4201008fca067#MsgFromClient_Response:ApiResponse(header=ApiHeader(reqType=RESPONSE, api=EBANK_API, apiKey=custinfoq51klfoni1ezxl5f2ckpfx671, channel=API, location=PC/IOS, requestAPI=FE API, requestNode=node 01, duration=1608, priority=1, context=null, synasyn=false), body={enquiry={packAge=SUPPER, userStatus=ACTIVE, endDate=----, mainAccount=000002211234, trustedType=SMS, userLock=NO, responseCode=00, customerType=IND, nationality=VN, phone=0123456789, customerID=281692, name=Vu Van Phai, pwDate=null, company=VN100001, lang=VN, email=phai.vu@gmail.com, startDate=----}, status=OK}, error=null)#Total time: 1789
2025-01-06 22:34:45.333  INFO 2816 --- [SpringApplicationShutdownHook] j.LocalContainerEntityManagerFactoryBean : Closing JPA EntityManagerFactory for persistence unit 'default'
2025-01-06 22:34:45.342  INFO 2816 --- [SpringApplicationShutdownHook] com.zaxxer.hikari.HikariDataSource       : HikariPool-1 - Shutdown initiated...
2025-01-06 22:34:45.394 ERROR 2816 --- [Thread-10] c.kaiasia.app.core.job.ApiFetchReqTask   : EXCEPTION FETCH DB: {}

org.springframework.jdbc.CannotGetJdbcConnectionException: Failed to obtain JDBC Connection; nested exception is java.sql.SQLException: HikariDataSource HikariDataSource (HikariPool-1) has been closed.
	at org.springframework.jdbc.datasource.DataSourceUtils.getConnection(DataSourceUtils.java:82) ~[spring-jdbc-5.3.10.jar:5.3.10]
	at org.springframework.jdbc.core.JdbcTemplate.execute(JdbcTemplate.java:646) ~[spring-jdbc-5.3.10.jar:5.3.10]
	at org.springframework.jdbc.core.JdbcTemplate.query(JdbcTemplate.java:713) ~[spring-jdbc-5.3.10.jar:5.3.10]
	at org.springframework.jdbc.core.JdbcTemplate.query(JdbcTemplate.java:738) ~[spring-jdbc-5.3.10.jar:5.3.10]
	at org.springframework.jdbc.core.JdbcTemplate.query(JdbcTemplate.java:794) ~[spring-jdbc-5.3.10.jar:5.3.10]
	at org.springframework.jdbc.core.namedparam.NamedParameterJdbcTemplate.query(NamedParameterJdbcTemplate.java:209) ~[spring-jdbc-5.3.10.jar:5.3.10]
	at org.springframework.jdbc.core.namedparam.NamedParameterJdbcTemplate.query(NamedParameterJdbcTemplate.java:216) ~[spring-jdbc-5.3.10.jar:5.3.10]
	at com.kaiasia.app.core.dao.PosgrestDAOHelper.query(PosgrestDAOHelper.java:59) ~[classes/:na]
	at com.kaiasia.app.core.dao.PosgrestDAOHelper$$FastClassBySpringCGLIB$$c8fbc219.invoke(<generated>) ~[classes/:na]
	at org.springframework.cglib.proxy.MethodProxy.invoke(MethodProxy.java:218) ~[spring-core-5.3.22.jar:5.3.22]
	at org.springframework.aop.framework.CglibAopProxy$CglibMethodInvocation.invokeJoinpoint(CglibAopProxy.java:793) ~[spring-aop-5.3.22.jar:5.3.22]
	at org.springframework.aop.framework.ReflectiveMethodInvocation.proceed(ReflectiveMethodInvocation.java:163) ~[spring-aop-5.3.22.jar:5.3.22]
	at org.springframework.aop.framework.CglibAopProxy$CglibMethodInvocation.proceed(CglibAopProxy.java:763) ~[spring-aop-5.3.22.jar:5.3.22]
	at org.springframework.dao.support.PersistenceExceptionTranslationInterceptor.invoke(PersistenceExceptionTranslationInterceptor.java:137) ~[spring-tx-5.3.22.jar:5.3.22]
	at org.springframework.aop.framework.ReflectiveMethodInvocation.proceed(ReflectiveMethodInvocation.java:186) ~[spring-aop-5.3.22.jar:5.3.22]
	at org.springframework.aop.framework.CglibAopProxy$CglibMethodInvocation.proceed(CglibAopProxy.java:763) ~[spring-aop-5.3.22.jar:5.3.22]
	at org.springframework.aop.framework.CglibAopProxy$DynamicAdvisedInterceptor.intercept(CglibAopProxy.java:708) ~[spring-aop-5.3.22.jar:5.3.22]
	at com.kaiasia.app.core.dao.PosgrestDAOHelper$$EnhancerBySpringCGLIB$$c2fd9871.query(<generated>) ~[classes/:na]
	at com.kaiasia.app.core.dao.ApiRequestDAO.getReqs(ApiRequestDAO.java:51) ~[classes/:na]
	at com.kaiasia.app.core.dao.APIDaoManager.fetchAPIReqs(APIDaoManager.java:36) ~[classes/:na]
	at com.kaiasia.app.core.dao.APIDaoManager$$FastClassBySpringCGLIB$$caffc0d5.invoke(<generated>) ~[classes/:na]
	at org.springframework.cglib.proxy.MethodProxy.invoke(MethodProxy.java:218) ~[spring-core-5.3.22.jar:5.3.22]
	at org.springframework.aop.framework.CglibAopProxy.invokeMethod(CglibAopProxy.java:386) ~[spring-aop-5.3.22.jar:5.3.22]
	at org.springframework.aop.framework.CglibAopProxy.access$000(CglibAopProxy.java:85) ~[spring-aop-5.3.22.jar:5.3.22]
	at org.springframework.aop.framework.CglibAopProxy$DynamicAdvisedInterceptor.intercept(CglibAopProxy.java:704) ~[spring-aop-5.3.22.jar:5.3.22]
	at com.kaiasia.app.core.dao.APIDaoManager$$EnhancerBySpringCGLIB$$301911e.fetchAPIReqs(<generated>) ~[classes/:na]
	at com.kaiasia.app.core.job.ApiFetchReqTask.run(ApiFetchReqTask.java:40) ~[classes/:na]
	at java.lang.Thread.run(Thread.java:748) [na:1.8.0_191]
Caused by: java.sql.SQLException: HikariDataSource HikariDataSource (HikariPool-1) has been closed.
	at com.zaxxer.hikari.HikariDataSource.getConnection(HikariDataSource.java:96) ~[HikariCP-4.0.3.jar:na]
	at org.springframework.jdbc.datasource.DataSourceUtils.fetchConnection(DataSourceUtils.java:158) ~[spring-jdbc-5.3.10.jar:5.3.10]
	at org.springframework.jdbc.datasource.DataSourceUtils.doGetConnection(DataSourceUtils.java:116) ~[spring-jdbc-5.3.10.jar:5.3.10]
	at org.springframework.jdbc.datasource.DataSourceUtils.getConnection(DataSourceUtils.java:79) ~[spring-jdbc-5.3.10.jar:5.3.10]
	... 27 common frames omitted

2025-01-06 22:34:45.397  INFO 2816 --- [SpringApplicationShutdownHook] com.zaxxer.hikari.HikariDataSource       : HikariPool-1 - Shutdown completed.
